[www.classcentral.com/subjects833e.html]
[backblue.gif]
[fade.gif]
[index.html]
[www.classcentral.com/subjects8bc5.html]
[www.classcentral.com/apple-touch-icon.png]
[www.classcentral.com/favicon-32x32.png]
[www.classcentral.com/favicon-16x16.png]
[www.classcentral.com/site.webmanifest]
[www.classcentral.com/safari-pinned-tab.svg]
[www.classcentral.com/opensearch.xml]
[www.classcentral.com/images/promobar/celebrate.svg]
[static.getclicky.com/js]
[in.getclicky.com/100717250ns.gif]
[www.classcentral.com/subjects833e.html]
[www.classcentral.com/subjects8bc5.html]
[www.classcentral.com/safari-pinned-tab.svg]
[www.classcentral.com/images/promobar/celebrate.svg]
[ccweb.imgix.net/https_/www.classcentral.com/images/best-courses/mini-banner-best-of-all-time3e68.png]
[ccweb.imgix.net/https_/www.classcentral.com/images/best-courses/mini-banner-most-popular-of-all-time0931.png]
[ccweb.imgix.net/https_/www.classcentral.com/images/collections/collection-ivy-league-moocs-social5b92.jpg]
[ccweb.imgix.net/https_/www.classcentral.com/images/collections/collection-coursera-free-coursesd038.png]
[ccweb.imgix.net/https_/www.classcentral.com/images/collections/collection-free-certificates7462.png]
[ccweb.imgix.net/https_/www.classcentral.com/images/collections/collection-google-certsa0be.png]
[ccweb.imgix.net/https_/www.classcentral.com/images/lists/list-empty6407.png]
[ccweb.imgix.net/https_/www.classcentral.com/images/icon-csaed6.png]
[ccweb.imgix.net/https_/www.classcentral.com/images/icon-business39ff.png]
[ccweb.imgix.net/https_/www.classcentral.com/images/icon-humanities835c.png]
[ccweb.imgix.net/https_/www.classcentral.com/images/icon-data-science6cf3.png]
[ccweb.imgix.net/https_/www.classcentral.com/images/icon-personal-development02ad.png]
[ccweb.imgix.net/https_/www.classcentral.com/images/icon-art-and-designe03a.png]
[ccweb.imgix.net/https_/www.classcentral.com/images/icon-programming-and-software-development1090.png]
[ccweb.imgix.net/https_/www.classcentral.com/images/icon-engineering383f.png]
[ccweb.imgix.net/https_/www.classcentral.com/images/icon-healthab63.png]
[ccweb.imgix.net/https_/www.classcentral.com/images/icon-mathsdac4.png]
[ccweb.imgix.net/https_/www.classcentral.com/images/icon-science6f3b.png]
[ccweb.imgix.net/https_/www.classcentral.com/images/icon-social-sciences005b.png]
[ccweb.imgix.net/https_/www.classcentral.com/images/icon-educationa0b5.png]
[ccweb.imgix.net/https_/www.classcentral.com/images/icon-infosec2a2e.png]
[ccweb.imgix.net/https_/www.classcentral.com/images/illustrations/learning-illustration-037919.png]
