[www.classcentral.com/webpack/analytics.2edefc668ab4db842c41.js]
[www.classcentral.com/index.html]
[www.classcentral.com/webpack/7540.b7f3ab16c1d7d344980b.js]
[www.classcentral.com/webpack/Auth.44e05080311528b179c7.js]
[www.classcentral.com/favicon-32x32.png]
[www.classcentral.com/webpack/MarkComplete.e9560adcebc4ad54e6bf.js]
[backblue.gif]
[fade.gif]
[index.html]
[www.classcentral.com/index.html]
[www.classcentral.com/webpack/UserActions.30ee83ef27eafec0be61.js]
[www.classcentral.com/webpack/4826.ea570b7100e8c5e53e11.js]
[www.classcentral.com/webpack/Misc.a66f8a686e276f997313.js]
[www.classcentral.com/apple-touch-icon.png]
[www.classcentral.com/opensearch.xml]
[www.classcentral.com/favicon-16x16.png]
[www.classcentral.com/site.webmanifest]
[www.classcentral.com/safari-pinned-tab.svg]
[ccweb.imgix.net/https_/www.classcentral.com/images/best-courses/mini-banner-best-of-all-time3e68.png]
[ccweb.imgix.net/https_/www.classcentral.com/images/best-courses/mini-banner-most-popular-of-all-time0931.png]
[ccweb.imgix.net/https_/www.classcentral.com/images/collections/collection-ivy-league-moocs-social5b92.jpg]
[ccweb.imgix.net/https_/www.classcentral.com/images/collections/collection-coursera-free-coursesd038.png]
[ccweb.imgix.net/https_/www.classcentral.com/images/collections/collection-free-certificates7462.png]
[ccweb.imgix.net/https_/www.classcentral.com/images/collections/collection-google-certsa0be.png]
[ccweb.imgix.net/https_/www.classcentral.com/images/lists/list-empty6407.png]
[ccweb.imgix.net/https_/www.classcentral.com/images/illustrations/learning-illustration-holib828.png]
[ccweb.imgix.net/https_/www.classcentral.com/images/icon-free-certificates1174.png]
[ccweb.imgix.net/https_/www.classcentral.com/images/icon-ivy-league6438.png]
[ccweb.imgix.net/https_/www.classcentral.com/images/logos/institutions/stanford-trn-sq17f6.png]
[ccweb.imgix.net/https_/www.classcentral.com/images/icon-best-all-time6b4b.png]
[ccweb.imgix.net/https_/www.classcentral.com/images/icon-csaed6.png]
[ccweb.imgix.net/https_/www.classcentral.com/images/icon-sustainability9a1a.png]
[ccweb.imgix.net/https_/www.classcentral.com/images/logos/institutions/mit-trn-sqf645.png]
[ccweb.imgix.net/https_/www.classcentral.com/images/logos/institutions/google-trn-sqffa8.png]
[ccweb.imgix.net/https_/www.classcentral.com/images/logos/institutions/amazon-trn-sqc0bb.png]
[ccweb.imgix.net/https_/www.classcentral.com/images/icon-business39ff.png]
[ccweb.imgix.net/https_/www.classcentral.com/images/promobar/deale4ca.svg]
[ccweb.imgix.net/https_/www.classcentral.com/images/illustrations/homepage-discover-0149dd.png]
[ccweb.imgix.net/https_/www.classcentral.com/images/logos/homepage/harvard24a9.png]
[ccweb.imgix.net/https_/www.classcentral.com/images/logos/homepage/stanford5813.png]
[ccweb.imgix.net/https_/www.classcentral.com/images/logos/homepage/iit-kharagpurbad5.png]
[ccweb.imgix.net/https_/www.classcentral.com/images/logos/homepage/mit7179.png]
[ccweb.imgix.net/https_/www.classcentral.com/images/logos/homepage/ricec4e3.png]
[ccweb.imgix.net/https_/www.classcentral.com/images/logos/homepage/iitm5204.png]
[ccweb.imgix.net/https_/www.classcentral.com/images/logos/homepage/columbia9b1a.png]
[ccweb.imgix.net/https_/www.classcentral.com/images/logos/homepage/cornella27f.png]
[ccweb.imgix.net/https_/www.classcentral.com/images/logos/homepage/edinburgh47df.png]
[ccweb.imgix.net/https_/www.classcentral.com/images/logos/homepage/purdue21f6.png]
[ccweb.imgix.net/https_/www.classcentral.com/images/logos/homepage/pennab51.png]
[ccweb.imgix.net/https_/www.classcentral.com/images/logos/homepage/dukedf08.png]
[ccweb.imgix.net/https_/www.classcentral.com/images/logos/homepage/umichb05a.png]
[ccweb.imgix.net/https_/www.classcentral.com/images/logos/providers/coursera-trn-sqc43d.png]
[ccweb.imgix.net/https_/www.classcentral.com/images/logos/providers/edx-trn-sq7d7a.png]
[ccweb.imgix.net/https_/www.classcentral.com/images/logos/providers/futurelearn-trn-sq1970.png]
[ccweb.imgix.net/https_/www.classcentral.com/images/logos/providers/udemy-trn-sqd9e7.png]
[ccweb.imgix.net/https_/www.classcentral.com/images/logos/providers/swayam-trn-sqb82e.png]
[ccweb.imgix.net/https_/www.classcentral.com/images/logos/providers/linkedin-learning-trn-sq6510.png]
[ccweb.imgix.net/https_/www.classcentral.com/images/logos/providers/skillshare-trn-sqad55.png]
[ccweb.imgix.net/https_/www.classcentral.com/images/logos/homepage/google26e5.png]
[ccweb.imgix.net/https_/www.classcentral.com/images/logos/homepage/amazon11a8.png]
[ccweb.imgix.net/https_/www.classcentral.com/images/logos/homepage/microsoftca5a.png]
[ccweb.imgix.net/https_/www.classcentral.com/images/logos/homepage/ibm7639.png]
[ccweb.imgix.net/https_/www.classcentral.com/images/logos/homepage/smithsonian0cee.png]
[ccweb.imgix.net/https_/www.classcentral.com/images/logos/homepage/united-nationsaaac.png]
[ccweb.imgix.net/https_/www.classcentral.com/images/logos/homepage/british-councilbe04.png]
[ccweb.imgix.net/https_/www.classcentral.com/images/best-courses/mini-banner-best-of-all-time992b.png]
[ccweb.imgix.net/https_/www.classcentral.com/images/best-courses/mini-banner-best-of-2022a427.png]
[ccweb.imgix.net/https_/www.classcentral.com/report/wp-content/uploads/2023/03/futurelearn-raises-sub-pricec897.png]
[ccweb.imgix.net/https_/www.classcentral.com/report/wp-content/uploads/2023/03/Bookkeeping-BCG-Banner71ae.png]
[ccweb.imgix.net/https_/www.classcentral.com/report/wp-content/uploads/2023/03/CSS-Layout-BCG-Banner2282.png]
[ccweb.imgix.net/https_/www.classcentral.com/report/wp-content/uploads/2023/02/Digital-Art-BCG-Bannerdad3.png]
[ccweb.imgix.net/https_/www.classcentral.com/report/wp-content/uploads/2023/02/Elm-BCG-Banner67b1.png]
[ccweb.imgix.net/https_/www.classcentral.com/report/wp-content/uploads/2023/02/Resume-Writing-BCG-Banner6802.png]
[ccweb.imgix.net/https_/www.classcentral.com/images/collections/collections-udemy-top-coursesa8d4.png]
[ccweb.imgix.net/https_/www.classcentral.com/images/collections/collection-india-ugc-approved-online-degrees7238.png]
[ccweb.imgix.net/https_/www.classcentral.com/images/collections/collection-earn-a-masters-degree-social3f9b.png]
[ccweb.imgix.net/https_/www.classcentral.com/images/collections/collection-microcredentials-socialc08f.png]
[ccweb.imgix.net/https_/www.classcentral.com/images/collections/collection-ivy-league-moocs-social9f0a.jpg]
[ccweb.imgix.net/https_/www.classcentral.com/images/collections/collection-most-popular-all-time-social611f.png]
[static.getclicky.com/js]
[in.getclicky.com/100717250ns.gif]
